[Elab.async] [0.033931] ✅️ Lean.Elab.Command.runLintersAsync
  [Elab.lint] [0.033919] ✅️ running linters
[Elab.async] [6.305622] ✅️ elaborating proof of IsingModel.Ambient.globalPseudoMassDist_eq_csInf_finiteRegion_cubic
  [Elab.definition.value] [6.302848] ✅️ IsingModel.Ambient.globalPseudoMassDist_eq_csInf_finiteRegion_cubic
    [Elab.step] [6.299073] ✅️ classical
          haveI : Nonempty (cubicMassIndex d) := cubicMassIndex_nonempty hd
          set Λ := cubicExhaustion d with hΛ
          set p : IsingParams ℝ := ⟨J, 0, β⟩ with hp
          set f : cubicMassIndex d → ℝ := fun n => finiteRegionPseudoMassDist hα Λ p (Λ.volume n.1) n.2 with hf
          have hβJ_pos : 0 < β * J := mul_pos hβ hJ
          have hbdd : BddBelow (Set.range f) := by
            refine ⟨0, ?_⟩
            rintro _ ⟨n, rfl⟩
            exact (finiteRegionPseudoMassDist_pos_of_betaJ_pos hα Λ (Λ.volume n.1) n.2 hJ hβ).le
          have hrange_ne : (Set.range f).Nonempty := Set.range_nonempty f
          refine le_antisymm ?_ ?_
          · -- `globalPseudoMassDist ≤ sInf (range f)`.
            
            refine le_csInf hrange_ne ?_
            rintro _ ⟨n, rfl⟩
            obtain ⟨q, hq_mem, hq_eq⟩ :=
              Finset.exists_mem_eq_inf' n.2 (fun q => pseudoMassFromParamsAtPairDist hα Λ p q.1 q.2)
            have hq_ne : q.1 ≠ q.2 := (mem_finiteRegionDistinctPairs.mp hq_mem).2.2
            have hmem : Ambient.correlationInfinite (IsingModel.latticeGraph d) Λ p { q.1, q.2 } ∈ Set.Ioo (0 : ℝ) 2 :=
              correlationInfinite_pair_active_of_betaJ_pos_exhaustion Λ hβ hβJ_pos q.1 q.2 hq_ne
            have hact : ActivePseudoMassPair Λ p q.1 q.2 := ⟨hq_ne, hmem⟩
            change globalPseudoMassDist hα Λ p ≤ f n
            rw [hf]
            change globalPseudoMassDist hα Λ p ≤ finiteRegionPseudoMassDist hα Λ p (Λ.volume n.1) n.2
            rw [finiteRegionPseudoMassDist, hq_eq]
            exact globalPseudoMassDist_le_of_active hα Λ p hact
          · -- `sInf (range f) ≤ globalPseudoMassDist`.
                -- `globalPseudoMassDistSet` is nonempty (the stage-1 witness pair is active).
            
            have hset_ne : (globalPseudoMassDistSet hα Λ p).Nonempty :=
              by
              obtain ⟨q, hq_mem⟩ := finiteRegionDistinctPairs_cubicVolume_one_nonempty hd
              have hq_ne : q.1 ≠ q.2 := (mem_finiteRegionDistinctPairs.mp hq_mem).2.2
              have hmem :
                Ambient.correlationInfinite (IsingModel.latticeGraph d) Λ p { q.1, q.2 } ∈ Set.Ioo (0 : ℝ) 2 :=
                correlationInfinite_pair_active_of_betaJ_pos_exhaustion Λ hβ hβJ_pos q.1 q.2 hq_ne
              exact ⟨pseudoMassFromParamsAtPairDist hα Λ p q.1 q.2, q.1, q.2, ⟨hq_ne, hmem⟩, rfl⟩
            rw [globalPseudoMassDist]
            refine le_csInf hset_ne ?_
            rintro m
              ⟨x, z, hact, rfl⟩
                  -- the active pair lies in `volume N` for large `N`.
                  
            obtain ⟨N, hN⟩ := Λ.exhaust ({ x, z } : Finset (Fin d → ℤ))
            have hsub : ({ x, z } : Finset (Fin d → ℤ)) ⊆ Λ.volume N := hN N le_rfl
            have hx : x ∈ Λ.volume N := hsub (Finset.mem_insert_self x { z })
            have hz : z ∈ Λ.volume N := hsub (Finset.mem_insert_of_mem (Finset.mem_singleton_self z))
            have hpair_mem : (x, z) ∈ finiteRegionDistinctPairs (Λ.volume N) :=
              mem_finiteRegionDistinctPairs.mpr ⟨hx, hz, hact.1⟩
            have hne : (finiteRegionDistinctPairs (Λ.volume N)).Nonempty := ⟨(x, z), hpair_mem⟩
            have h1 : f ⟨N, hne⟩ ≤ pseudoMassFromParamsAtPairDist hα Λ p x z :=
              by
              rw [hf]
              change finiteRegionPseudoMassDist hα Λ p (Λ.volume N) hne ≤ pseudoMassFromParamsAtPairDist hα Λ p x z
              rw [finiteRegionPseudoMassDist]
              exact Finset.inf'_le (fun q => pseudoMassFromParamsAtPairDist hα Λ p q.1 q.2) hpair_mem
            exact (csInf_le hbdd ⟨⟨N, hne⟩, rfl⟩).trans h1
      [Elab.step] [6.299064] ✅️ classical
            haveI : Nonempty (cubicMassIndex d) := cubicMassIndex_nonempty hd
            set Λ := cubicExhaustion d with hΛ
            set p : IsingParams ℝ := ⟨J, 0, β⟩ with hp
            set f : cubicMassIndex d → ℝ := fun n => finiteRegionPseudoMassDist hα Λ p (Λ.volume n.1) n.2 with hf
            have hβJ_pos : 0 < β * J := mul_pos hβ hJ
            have hbdd : BddBelow (Set.range f) := by
              refine ⟨0, ?_⟩
              rintro _ ⟨n, rfl⟩
              exact (finiteRegionPseudoMassDist_pos_of_betaJ_pos hα Λ (Λ.volume n.1) n.2 hJ hβ).le
            have hrange_ne : (Set.range f).Nonempty := Set.range_nonempty f
            refine le_antisymm ?_ ?_
            · -- `globalPseudoMassDist ≤ sInf (range f)`.
              
              refine le_csInf hrange_ne ?_
              rintro _ ⟨n, rfl⟩
              obtain ⟨q, hq_mem, hq_eq⟩ :=
                Finset.exists_mem_eq_inf' n.2 (fun q => pseudoMassFromParamsAtPairDist hα Λ p q.1 q.2)
              have hq_ne : q.1 ≠ q.2 := (mem_finiteRegionDistinctPairs.mp hq_mem).2.2
              have hmem :
                Ambient.correlationInfinite (IsingModel.latticeGraph d) Λ p { q.1, q.2 } ∈ Set.Ioo (0 : ℝ) 2 :=
                correlationInfinite_pair_active_of_betaJ_pos_exhaustion Λ hβ hβJ_pos q.1 q.2 hq_ne
              have hact : ActivePseudoMassPair Λ p q.1 q.2 := ⟨hq_ne, hmem⟩
              change globalPseudoMassDist hα Λ p ≤ f n
              rw [hf]
              change globalPseudoMassDist hα Λ p ≤ finiteRegionPseudoMassDist hα Λ p (Λ.volume n.1) n.2
              rw [finiteRegionPseudoMassDist, hq_eq]
              exact globalPseudoMassDist_le_of_active hα Λ p hact
            · -- `sInf (range f) ≤ globalPseudoMassDist`.
                  -- `globalPseudoMassDistSet` is nonempty (the stage-1 witness pair is active).
              
              have hset_ne : (globalPseudoMassDistSet hα Λ p).Nonempty :=
                by
                obtain ⟨q, hq_mem⟩ := finiteRegionDistinctPairs_cubicVolume_one_nonempty hd
                have hq_ne : q.1 ≠ q.2 := (mem_finiteRegionDistinctPairs.mp hq_mem).2.2
                have hmem :
                  Ambient.correlationInfinite (IsingModel.latticeGraph d) Λ p { q.1, q.2 } ∈ Set.Ioo (0 : ℝ) 2 :=
                  correlationInfinite_pair_active_of_betaJ_pos_exhaustion Λ hβ hβJ_pos q.1 q.2 hq_ne
                exact ⟨pseudoMassFromParamsAtPairDist hα Λ p q.1 q.2, q.1, q.2, ⟨hq_ne, hmem⟩, rfl⟩
              rw [globalPseudoMassDist]
              refine le_csInf hset_ne ?_
              rintro m
                ⟨x, z, hact, rfl⟩
                    -- the active pair lies in `volume N` for large `N`.
                    
              obtain ⟨N, hN⟩ := Λ.exhaust ({ x, z } : Finset (Fin d → ℤ))
              have hsub : ({ x, z } : Finset (Fin d → ℤ)) ⊆ Λ.volume N := hN N le_rfl
              have hx : x ∈ Λ.volume N := hsub (Finset.mem_insert_self x { z })
              have hz : z ∈ Λ.volume N := hsub (Finset.mem_insert_of_mem (Finset.mem_singleton_self z))
              have hpair_mem : (x, z) ∈ finiteRegionDistinctPairs (Λ.volume N) :=
                mem_finiteRegionDistinctPairs.mpr ⟨hx, hz, hact.1⟩
              have hne : (finiteRegionDistinctPairs (Λ.volume N)).Nonempty := ⟨(x, z), hpair_mem⟩
              have h1 : f ⟨N, hne⟩ ≤ pseudoMassFromParamsAtPairDist hα Λ p x z :=
                by
                rw [hf]
                change finiteRegionPseudoMassDist hα Λ p (Λ.volume N) hne ≤ pseudoMassFromParamsAtPairDist hα Λ p x z
                rw [finiteRegionPseudoMassDist]
                exact Finset.inf'_le (fun q => pseudoMassFromParamsAtPairDist hα Λ p q.1 q.2) hpair_mem
              exact (csInf_le hbdd ⟨⟨N, hne⟩, rfl⟩).trans h1
        [Elab.step] [6.299053] ✅️ classical
            haveI : Nonempty (cubicMassIndex d) := cubicMassIndex_nonempty hd
            set Λ := cubicExhaustion d with hΛ
            set p : IsingParams ℝ := ⟨J, 0, β⟩ with hp
            set f : cubicMassIndex d → ℝ := fun n => finiteRegionPseudoMassDist hα Λ p (Λ.volume n.1) n.2 with hf
            have hβJ_pos : 0 < β * J := mul_pos hβ hJ
            have hbdd : BddBelow (Set.range f) := by
              refine ⟨0, ?_⟩
              rintro _ ⟨n, rfl⟩
              exact (finiteRegionPseudoMassDist_pos_of_betaJ_pos hα Λ (Λ.volume n.1) n.2 hJ hβ).le
            have hrange_ne : (Set.range f).Nonempty := Set.range_nonempty f
            refine le_antisymm ?_ ?_
            · -- `globalPseudoMassDist ≤ sInf (range f)`.
              
              refine le_csInf hrange_ne ?_
              rintro _ ⟨n, rfl⟩
              obtain ⟨q, hq_mem, hq_eq⟩ :=
                Finset.exists_mem_eq_inf' n.2 (fun q => pseudoMassFromParamsAtPairDist hα Λ p q.1 q.2)
              have hq_ne : q.1 ≠ q.2 := (mem_finiteRegionDistinctPairs.mp hq_mem).2.2
              have hmem :
                Ambient.correlationInfinite (IsingModel.latticeGraph d) Λ p { q.1, q.2 } ∈ Set.Ioo (0 : ℝ) 2 :=
                correlationInfinite_pair_active_of_betaJ_pos_exhaustion Λ hβ hβJ_pos q.1 q.2 hq_ne
              have hact : ActivePseudoMassPair Λ p q.1 q.2 := ⟨hq_ne, hmem⟩
              change globalPseudoMassDist hα Λ p ≤ f n
              rw [hf]
              change globalPseudoMassDist hα Λ p ≤ finiteRegionPseudoMassDist hα Λ p (Λ.volume n.1) n.2
              rw [finiteRegionPseudoMassDist, hq_eq]
              exact globalPseudoMassDist_le_of_active hα Λ p hact
            · -- `sInf (range f) ≤ globalPseudoMassDist`.
                  -- `globalPseudoMassDistSet` is nonempty (the stage-1 witness pair is active).
              
              have hset_ne : (globalPseudoMassDistSet hα Λ p).Nonempty :=
                by
                obtain ⟨q, hq_mem⟩ := finiteRegionDistinctPairs_cubicVolume_one_nonempty hd
                have hq_ne : q.1 ≠ q.2 := (mem_finiteRegionDistinctPairs.mp hq_mem).2.2
                have hmem :
                  Ambient.correlationInfinite (IsingModel.latticeGraph d) Λ p { q.1, q.2 } ∈ Set.Ioo (0 : ℝ) 2 :=
                  correlationInfinite_pair_active_of_betaJ_pos_exhaustion Λ hβ hβJ_pos q.1 q.2 hq_ne
                exact ⟨pseudoMassFromParamsAtPairDist hα Λ p q.1 q.2, q.1, q.2, ⟨hq_ne, hmem⟩, rfl⟩
              rw [globalPseudoMassDist]
              refine le_csInf hset_ne ?_
              rintro m
                ⟨x, z, hact, rfl⟩
                    -- the active pair lies in `volume N` for large `N`.
                    
              obtain ⟨N, hN⟩ := Λ.exhaust ({ x, z } : Finset (Fin d → ℤ))
              have hsub : ({ x, z } : Finset (Fin d → ℤ)) ⊆ Λ.volume N := hN N le_rfl
              have hx : x ∈ Λ.volume N := hsub (Finset.mem_insert_self x { z })
              have hz : z ∈ Λ.volume N := hsub (Finset.mem_insert_of_mem (Finset.mem_singleton_self z))
              have hpair_mem : (x, z) ∈ finiteRegionDistinctPairs (Λ.volume N) :=
                mem_finiteRegionDistinctPairs.mpr ⟨hx, hz, hact.1⟩
              have hne : (finiteRegionDistinctPairs (Λ.volume N)).Nonempty := ⟨(x, z), hpair_mem⟩
              have h1 : f ⟨N, hne⟩ ≤ pseudoMassFromParamsAtPairDist hα Λ p x z :=
                by
                rw [hf]
                change finiteRegionPseudoMassDist hα Λ p (Λ.volume N) hne ≤ pseudoMassFromParamsAtPairDist hα Λ p x z
                rw [finiteRegionPseudoMassDist]
                exact Finset.inf'_le (fun q => pseudoMassFromParamsAtPairDist hα Λ p q.1 q.2) hpair_mem
              exact (csInf_le hbdd ⟨⟨N, hne⟩, rfl⟩).trans h1
          [Elab.step] [6.294973] ✅️ 
                haveI : Nonempty (cubicMassIndex d) := cubicMassIndex_nonempty hd
                set Λ := cubicExhaustion d with hΛ
                set p : IsingParams ℝ := ⟨J, 0, β⟩ with hp
                set f : cubicMassIndex d → ℝ := fun n => finiteRegionPseudoMassDist hα Λ p (Λ.volume n.1) n.2 with hf
                have hβJ_pos : 0 < β * J := mul_pos hβ hJ
                have hbdd : BddBelow (Set.range f) := by
                  refine ⟨0, ?_⟩
                  rintro _ ⟨n, rfl⟩
                  exact (finiteRegionPseudoMassDist_pos_of_betaJ_pos hα Λ (Λ.volume n.1) n.2 hJ hβ).le
                have hrange_ne : (Set.range f).Nonempty := Set.range_nonempty f
                refine le_antisymm ?_ ?_
                · -- `globalPseudoMassDist ≤ sInf (range f)`.
                  
                  refine le_csInf hrange_ne ?_
                  rintro _ ⟨n, rfl⟩
                  obtain ⟨q, hq_mem, hq_eq⟩ :=
                    Finset.exists_mem_eq_inf' n.2 (fun q => pseudoMassFromParamsAtPairDist hα Λ p q.1 q.2)
                  have hq_ne : q.1 ≠ q.2 := (mem_finiteRegionDistinctPairs.mp hq_mem).2.2
                  have hmem :
                    Ambient.correlationInfinite (IsingModel.latticeGraph d) Λ p { q.1, q.2 } ∈ Set.Ioo (0 : ℝ) 2 :=
                    correlationInfinite_pair_active_of_betaJ_pos_exhaustion Λ hβ hβJ_pos q.1 q.2 hq_ne
                  have hact : ActivePseudoMassPair Λ p q.1 q.2 := ⟨hq_ne, hmem⟩
                  change globalPseudoMassDist hα Λ p ≤ f n
                  rw [hf]
                  change globalPseudoMassDist hα Λ p ≤ finiteRegionPseudoMassDist hα Λ p (Λ.volume n.1) n.2
                  rw [finiteRegionPseudoMassDist, hq_eq]
                  exact globalPseudoMassDist_le_of_active hα Λ p hact
                · -- `sInf (range f) ≤ globalPseudoMassDist`.
                      -- `globalPseudoMassDistSet` is nonempty (the stage-1 witness pair is active).
                  
                  have hset_ne : (globalPseudoMassDistSet hα Λ p).Nonempty :=
                    by
                    obtain ⟨q, hq_mem⟩ := finiteRegionDistinctPairs_cubicVolume_one_nonempty hd
                    have hq_ne : q.1 ≠ q.2 := (mem_finiteRegionDistinctPairs.mp hq_mem).2.2
                    have hmem :
                      Ambient.correlationInfinite (IsingModel.latticeGraph d) Λ p { q.1, q.2 } ∈ Set.Ioo (0 : ℝ) 2 :=
                      correlationInfinite_pair_active_of_betaJ_pos_exhaustion Λ hβ hβJ_pos q.1 q.2 hq_ne
                    exact ⟨pseudoMassFromParamsAtPairDist hα Λ p q.1 q.2, q.1, q.2, ⟨hq_ne, hmem⟩, rfl⟩
                  rw [globalPseudoMassDist]
                  refine le_csInf hset_ne ?_
                  rintro m
                    ⟨x, z, hact, rfl⟩
                        -- the active pair lies in `volume N` for large `N`.
                        
                  obtain ⟨N, hN⟩ := Λ.exhaust ({ x, z } : Finset (Fin d → ℤ))
                  have hsub : ({ x, z } : Finset (Fin d → ℤ)) ⊆ Λ.volume N := hN N le_rfl
                  have hx : x ∈ Λ.volume N := hsub (Finset.mem_insert_self x { z })
                  have hz : z ∈ Λ.volume N := hsub (Finset.mem_insert_of_mem (Finset.mem_singleton_self z))
                  have hpair_mem : (x, z) ∈ finiteRegionDistinctPairs (Λ.volume N) :=
                    mem_finiteRegionDistinctPairs.mpr ⟨hx, hz, hact.1⟩
                  have hne : (finiteRegionDistinctPairs (Λ.volume N)).Nonempty := ⟨(x, z), hpair_mem⟩
                  have h1 : f ⟨N, hne⟩ ≤ pseudoMassFromParamsAtPairDist hα Λ p x z :=
                    by
                    rw [hf]
                    change
                      finiteRegionPseudoMassDist hα Λ p (Λ.volume N) hne ≤ pseudoMassFromParamsAtPairDist hα Λ p x z
                    rw [finiteRegionPseudoMassDist]
                    exact Finset.inf'_le (fun q => pseudoMassFromParamsAtPairDist hα Λ p q.1 q.2) hpair_mem
                  exact (csInf_le hbdd ⟨⟨N, hne⟩, rfl⟩).trans h1
            [Elab.step] [6.294966] ✅️ 
                  haveI : Nonempty (cubicMassIndex d) := cubicMassIndex_nonempty hd
                  set Λ := cubicExhaustion d with hΛ
                  set p : IsingParams ℝ := ⟨J, 0, β⟩ with hp
                  set f : cubicMassIndex d → ℝ := fun n => finiteRegionPseudoMassDist hα Λ p (Λ.volume n.1) n.2 with hf
                  have hβJ_pos : 0 < β * J := mul_pos hβ hJ
                  have hbdd : BddBelow (Set.range f) := by
                    refine ⟨0, ?_⟩
                    rintro _ ⟨n, rfl⟩
                    exact (finiteRegionPseudoMassDist_pos_of_betaJ_pos hα Λ (Λ.volume n.1) n.2 hJ hβ).le
                  have hrange_ne : (Set.range f).Nonempty := Set.range_nonempty f
                  refine le_antisymm ?_ ?_
                  · -- `globalPseudoMassDist ≤ sInf (range f)`.
                    
                    refine le_csInf hrange_ne ?_
                    rintro _ ⟨n, rfl⟩
                    obtain ⟨q, hq_mem, hq_eq⟩ :=
                      Finset.exists_mem_eq_inf' n.2 (fun q => pseudoMassFromParamsAtPairDist hα Λ p q.1 q.2)
                    have hq_ne : q.1 ≠ q.2 := (mem_finiteRegionDistinctPairs.mp hq_mem).2.2
                    have hmem :
                      Ambient.correlationInfinite (IsingModel.latticeGraph d) Λ p { q.1, q.2 } ∈ Set.Ioo (0 : ℝ) 2 :=
                      correlationInfinite_pair_active_of_betaJ_pos_exhaustion Λ hβ hβJ_pos q.1 q.2 hq_ne
                    have hact : ActivePseudoMassPair Λ p q.1 q.2 := ⟨hq_ne, hmem⟩
                    change globalPseudoMassDist hα Λ p ≤ f n
                    rw [hf]
                    change globalPseudoMassDist hα Λ p ≤ finiteRegionPseudoMassDist hα Λ p (Λ.volume n.1) n.2
                    rw [finiteRegionPseudoMassDist, hq_eq]
                    exact globalPseudoMassDist_le_of_active hα Λ p hact
                  · -- `sInf (range f) ≤ globalPseudoMassDist`.
                        -- `globalPseudoMassDistSet` is nonempty (the stage-1 witness pair is active).
                    
                    have hset_ne : (globalPseudoMassDistSet hα Λ p).Nonempty :=
                      by
                      obtain ⟨q, hq_mem⟩ := finiteRegionDistinctPairs_cubicVolume_one_nonempty hd
                      have hq_ne : q.1 ≠ q.2 := (mem_finiteRegionDistinctPairs.mp hq_mem).2.2
                      have hmem :
                        Ambient.correlationInfinite (IsingModel.latticeGraph d) Λ p { q.1, q.2 } ∈ Set.Ioo (0 : ℝ) 2 :=
                        correlationInfinite_pair_active_of_betaJ_pos_exhaustion Λ hβ hβJ_pos q.1 q.2 hq_ne
                      exact ⟨pseudoMassFromParamsAtPairDist hα Λ p q.1 q.2, q.1, q.2, ⟨hq_ne, hmem⟩, rfl⟩
                    rw [globalPseudoMassDist]
                    refine le_csInf hset_ne ?_
                    rintro m
                      ⟨x, z, hact, rfl⟩
                          -- the active pair lies in `volume N` for large `N`.
                          
                    obtain ⟨N, hN⟩ := Λ.exhaust ({ x, z } : Finset (Fin d → ℤ))
                    have hsub : ({ x, z } : Finset (Fin d → ℤ)) ⊆ Λ.volume N := hN N le_rfl
                    have hx : x ∈ Λ.volume N := hsub (Finset.mem_insert_self x { z })
                    have hz : z ∈ Λ.volume N := hsub (Finset.mem_insert_of_mem (Finset.mem_singleton_self z))
                    have hpair_mem : (x, z) ∈ finiteRegionDistinctPairs (Λ.volume N) :=
                      mem_finiteRegionDistinctPairs.mpr ⟨hx, hz, hact.1⟩
                    have hne : (finiteRegionDistinctPairs (Λ.volume N)).Nonempty := ⟨(x, z), hpair_mem⟩
                    have h1 : f ⟨N, hne⟩ ≤ pseudoMassFromParamsAtPairDist hα Λ p x z :=
                      by
                      rw [hf]
                      change
                        finiteRegionPseudoMassDist hα Λ p (Λ.volume N) hne ≤ pseudoMassFromParamsAtPairDist hα Λ p x z
                      rw [finiteRegionPseudoMassDist]
                      exact Finset.inf'_le (fun q => pseudoMassFromParamsAtPairDist hα Λ p q.1 q.2) hpair_mem
                    exact (csInf_le hbdd ⟨⟨N, hne⟩, rfl⟩).trans h1
              [Elab.step] [6.084093] ✅️ ·
                    have hset_ne : (globalPseudoMassDistSet hα Λ p).Nonempty :=
                      by
                      obtain ⟨q, hq_mem⟩ := finiteRegionDistinctPairs_cubicVolume_one_nonempty hd
                      have hq_ne : q.1 ≠ q.2 := (mem_finiteRegionDistinctPairs.mp hq_mem).2.2
                      have hmem :
                        Ambient.correlationInfinite (IsingModel.latticeGraph d) Λ p { q.1, q.2 } ∈ Set.Ioo (0 : ℝ) 2 :=
                        correlationInfinite_pair_active_of_betaJ_pos_exhaustion Λ hβ hβJ_pos q.1 q.2 hq_ne
                      exact ⟨pseudoMassFromParamsAtPairDist hα Λ p q.1 q.2, q.1, q.2, ⟨hq_ne, hmem⟩, rfl⟩
                    rw [globalPseudoMassDist]
                    refine le_csInf hset_ne ?_
                    rintro m
                      ⟨x, z, hact, rfl⟩
                          -- the active pair lies in `volume N` for large `N`.
                          
                    obtain ⟨N, hN⟩ := Λ.exhaust ({ x, z } : Finset (Fin d → ℤ))
                    have hsub : ({ x, z } : Finset (Fin d → ℤ)) ⊆ Λ.volume N := hN N le_rfl
                    have hx : x ∈ Λ.volume N := hsub (Finset.mem_insert_self x { z })
                    have hz : z ∈ Λ.volume N := hsub (Finset.mem_insert_of_mem (Finset.mem_singleton_self z))
                    have hpair_mem : (x, z) ∈ finiteRegionDistinctPairs (Λ.volume N) :=
                      mem_finiteRegionDistinctPairs.mpr ⟨hx, hz, hact.1⟩
                    have hne : (finiteRegionDistinctPairs (Λ.volume N)).Nonempty := ⟨(x, z), hpair_mem⟩
                    have h1 : f ⟨N, hne⟩ ≤ pseudoMassFromParamsAtPairDist hα Λ p x z :=
                      by
                      rw [hf]
                      change
                        finiteRegionPseudoMassDist hα Λ p (Λ.volume N) hne ≤ pseudoMassFromParamsAtPairDist hα Λ p x z
                      rw [finiteRegionPseudoMassDist]
                      exact Finset.inf'_le (fun q => pseudoMassFromParamsAtPairDist hα Λ p q.1 q.2) hpair_mem
                    exact (csInf_le hbdd ⟨⟨N, hne⟩, rfl⟩).trans h1
                [Elab.step] [6.083982] ✅️ 
                      have hset_ne : (globalPseudoMassDistSet hα Λ p).Nonempty :=
                        by
                        obtain ⟨q, hq_mem⟩ := finiteRegionDistinctPairs_cubicVolume_one_nonempty hd
                        have hq_ne : q.1 ≠ q.2 := (mem_finiteRegionDistinctPairs.mp hq_mem).2.2
                        have hmem :
                          Ambient.correlationInfinite (IsingModel.latticeGraph d) Λ p { q.1, q.2 } ∈
                            Set.Ioo (0 : ℝ) 2 :=
                          correlationInfinite_pair_active_of_betaJ_pos_exhaustion Λ hβ hβJ_pos q.1 q.2 hq_ne
                        exact ⟨pseudoMassFromParamsAtPairDist hα Λ p q.1 q.2, q.1, q.2, ⟨hq_ne, hmem⟩, rfl⟩
                      rw [globalPseudoMassDist]
                      refine le_csInf hset_ne ?_
                      rintro m
                        ⟨x, z, hact, rfl⟩
                            -- the active pair lies in `volume N` for large `N`.
                            
                      obtain ⟨N, hN⟩ := Λ.exhaust ({ x, z } : Finset (Fin d → ℤ))
                      have hsub : ({ x, z } : Finset (Fin d → ℤ)) ⊆ Λ.volume N := hN N le_rfl
                      have hx : x ∈ Λ.volume N := hsub (Finset.mem_insert_self x { z })
                      have hz : z ∈ Λ.volume N := hsub (Finset.mem_insert_of_mem (Finset.mem_singleton_self z))
                      have hpair_mem : (x, z) ∈ finiteRegionDistinctPairs (Λ.volume N) :=
                        mem_finiteRegionDistinctPairs.mpr ⟨hx, hz, hact.1⟩
                      have hne : (finiteRegionDistinctPairs (Λ.volume N)).Nonempty := ⟨(x, z), hpair_mem⟩
                      have h1 : f ⟨N, hne⟩ ≤ pseudoMassFromParamsAtPairDist hα Λ p x z :=
                        by
                        rw [hf]
                        change
                          finiteRegionPseudoMassDist hα Λ p (Λ.volume N) hne ≤ pseudoMassFromParamsAtPairDist hα Λ p x z
                        rw [finiteRegionPseudoMassDist]
                        exact Finset.inf'_le (fun q => pseudoMassFromParamsAtPairDist hα Λ p q.1 q.2) hpair_mem
                      exact (csInf_le hbdd ⟨⟨N, hne⟩, rfl⟩).trans h1
                  [Elab.step] [6.083972] ✅️ 
                        have hset_ne : (globalPseudoMassDistSet hα Λ p).Nonempty :=
                          by
                          obtain ⟨q, hq_mem⟩ := finiteRegionDistinctPairs_cubicVolume_one_nonempty hd
                          have hq_ne : q.1 ≠ q.2 := (mem_finiteRegionDistinctPairs.mp hq_mem).2.2
                          have hmem :
                            Ambient.correlationInfinite (IsingModel.latticeGraph d) Λ p { q.1, q.2 } ∈
                              Set.Ioo (0 : ℝ) 2 :=
                            correlationInfinite_pair_active_of_betaJ_pos_exhaustion Λ hβ hβJ_pos q.1 q.2 hq_ne
                          exact ⟨pseudoMassFromParamsAtPairDist hα Λ p q.1 q.2, q.1, q.2, ⟨hq_ne, hmem⟩, rfl⟩
                        rw [globalPseudoMassDist]
                        refine le_csInf hset_ne ?_
                        rintro m
                          ⟨x, z, hact, rfl⟩
                              -- the active pair lies in `volume N` for large `N`.
                              
                        obtain ⟨N, hN⟩ := Λ.exhaust ({ x, z } : Finset (Fin d → ℤ))
                        have hsub : ({ x, z } : Finset (Fin d → ℤ)) ⊆ Λ.volume N := hN N le_rfl
                        have hx : x ∈ Λ.volume N := hsub (Finset.mem_insert_self x { z })
                        have hz : z ∈ Λ.volume N := hsub (Finset.mem_insert_of_mem (Finset.mem_singleton_self z))
                        have hpair_mem : (x, z) ∈ finiteRegionDistinctPairs (Λ.volume N) :=
                          mem_finiteRegionDistinctPairs.mpr ⟨hx, hz, hact.1⟩
                        have hne : (finiteRegionDistinctPairs (Λ.volume N)).Nonempty := ⟨(x, z), hpair_mem⟩
                        have h1 : f ⟨N, hne⟩ ≤ pseudoMassFromParamsAtPairDist hα Λ p x z :=
                          by
                          rw [hf]
                          change
                            finiteRegionPseudoMassDist hα Λ p (Λ.volume N) hne ≤
                              pseudoMassFromParamsAtPairDist hα Λ p x z
                          rw [finiteRegionPseudoMassDist]
                          exact Finset.inf'_le (fun q => pseudoMassFromParamsAtPairDist hα Λ p q.1 q.2) hpair_mem
                        exact (csInf_le hbdd ⟨⟨N, hne⟩, rfl⟩).trans h1
                    [Elab.step] [6.051972] ✅️ have h1 : f ⟨N, hne⟩ ≤ pseudoMassFromParamsAtPairDist hα Λ p x z :=
                          by
                          rw [hf]
                          change
                            finiteRegionPseudoMassDist hα Λ p (Λ.volume N) hne ≤
                              pseudoMassFromParamsAtPairDist hα Λ p x z
                          rw [finiteRegionPseudoMassDist]
                          exact Finset.inf'_le (fun q => pseudoMassFromParamsAtPairDist hα Λ p q.1 q.2) hpair_mem
                      [Elab.step] [6.051774] ✅️ focus
                            refine
                              no_implicit_lambda%
                                (have h1 : f ⟨N, hne⟩ ≤ pseudoMassFromParamsAtPairDist hα Λ p x z := ?body✝;
                                ?_)
                            case body✝ =>
                              with_annotate_state"by"
                                ( rw [hf]
                                  change
                                    finiteRegionPseudoMassDist hα Λ p (Λ.volume N) hne ≤
                                      pseudoMassFromParamsAtPairDist hα Λ p x z
                                  rw [finiteRegionPseudoMassDist]
                                  exact
                                    Finset.inf'_le (fun q => pseudoMassFromParamsAtPairDist hα Λ p q.1 q.2) hpair_mem)
                        [Elab.step] [6.051769] ✅️ 
                              refine
                                no_implicit_lambda%
                                  (have h1 : f ⟨N, hne⟩ ≤ pseudoMassFromParamsAtPairDist hα Λ p x z := ?body✝;
                                  ?_)
                              case body✝ =>
                                with_annotate_state"by"
                                  ( rw [hf]
                                    change
                                      finiteRegionPseudoMassDist hα Λ p (Λ.volume N) hne ≤
                                        pseudoMassFromParamsAtPairDist hα Λ p x z
                                    rw [finiteRegionPseudoMassDist]
                                    exact
                                      Finset.inf'_le (fun q => pseudoMassFromParamsAtPairDist hα Λ p q.1 q.2) hpair_mem)
                          [Elab.step] [6.051764] ✅️ 
                                refine
                                  no_implicit_lambda%
                                    (have h1 : f ⟨N, hne⟩ ≤ pseudoMassFromParamsAtPairDist hα Λ p x z := ?body✝;
                                    ?_)
                                case body✝ =>
                                  with_annotate_state"by"
                                    ( rw [hf]
                                      change
                                        finiteRegionPseudoMassDist hα Λ p (Λ.volume N) hne ≤
                                          pseudoMassFromParamsAtPairDist hα Λ p x z
                                      rw [finiteRegionPseudoMassDist]
                                      exact
                                        Finset.inf'_le (fun q => pseudoMassFromParamsAtPairDist hα Λ p q.1 q.2)
                                          hpair_mem)
                            [Elab.step] [6.050937] ✅️ case body✝ =>
                                  with_annotate_state"by"
                                    ( rw [hf]
                                      change
                                        finiteRegionPseudoMassDist hα Λ p (Λ.volume N) hne ≤
                                          pseudoMassFromParamsAtPairDist hα Λ p x z
                                      rw [finiteRegionPseudoMassDist]
                                      exact
                                        Finset.inf'_le (fun q => pseudoMassFromParamsAtPairDist hα Λ p q.1 q.2)
                                          hpair_mem)
                              [Elab.step] [6.050907] ✅️ with_annotate_state"by"
                                      ( rw [hf]
                                        change
                                          finiteRegionPseudoMassDist hα Λ p (Λ.volume N) hne ≤
                                            pseudoMassFromParamsAtPairDist hα Λ p x z
                                        rw [finiteRegionPseudoMassDist]
                                        exact
                                          Finset.inf'_le (fun q => pseudoMassFromParamsAtPairDist hα Λ p q.1 q.2)
                                            hpair_mem)
                                [Elab.step] [6.050903] ✅️ with_annotate_state"by"
                                        ( rw [hf]
                                          change
                                            finiteRegionPseudoMassDist hα Λ p (Λ.volume N) hne ≤
                                              pseudoMassFromParamsAtPairDist hα Λ p x z
                                          rw [finiteRegionPseudoMassDist]
                                          exact
                                            Finset.inf'_le (fun q => pseudoMassFromParamsAtPairDist hα Λ p q.1 q.2)
                                              hpair_mem)
                                  [Elab.step] [6.050900] ✅️ with_annotate_state"by"
                                        ( rw [hf]
                                          change
                                            finiteRegionPseudoMassDist hα Λ p (Λ.volume N) hne ≤
                                              pseudoMassFromParamsAtPairDist hα Λ p x z
                                          rw [finiteRegionPseudoMassDist]
                                          exact
                                            Finset.inf'_le (fun q => pseudoMassFromParamsAtPairDist hα Λ p q.1 q.2)
                                              hpair_mem)
                                    [Elab.step] [6.050894] ✅️ (
                                          rw [hf]
                                          change
                                            finiteRegionPseudoMassDist hα Λ p (Λ.volume N) hne ≤
                                              pseudoMassFromParamsAtPairDist hα Λ p x z
                                          rw [finiteRegionPseudoMassDist]
                                          exact
                                            Finset.inf'_le (fun q => pseudoMassFromParamsAtPairDist hα Λ p q.1 q.2)
                                              hpair_mem)
                                      [Elab.step] [6.050889] ✅️ 
                                            rw [hf]
                                            change
                                              finiteRegionPseudoMassDist hα Λ p (Λ.volume N) hne ≤
                                                pseudoMassFromParamsAtPairDist hα Λ p x z
                                            rw [finiteRegionPseudoMassDist]
                                            exact
                                              Finset.inf'_le (fun q => pseudoMassFromParamsAtPairDist hα Λ p q.1 q.2)
                                                hpair_mem
                                        [Elab.step] [6.050883] ✅️ 
                                              rw [hf]
                                              change
                                                finiteRegionPseudoMassDist hα Λ p (Λ.volume N) hne ≤
                                                  pseudoMassFromParamsAtPairDist hα Λ p x z
                                              rw [finiteRegionPseudoMassDist]
                                              exact
                                                Finset.inf'_le (fun q => pseudoMassFromParamsAtPairDist hα Λ p q.1 q.2)
                                                  hpair_mem
                                          [Elab.step] [6.048624] ✅️ exact
                                                Finset.inf'_le (fun q => pseudoMassFromParamsAtPairDist hα Λ p q.1 q.2)
                                                  hpair_mem
                                            [Elab.step] [6.048121] ✅️ expected type: ((finiteRegionDistinctPairs
                                                        (Λ.volume N)).inf'
                                                    hne fun q => pseudoMassFromParamsAtPairDist hα Λ p q.1 q.2) ≤
                                                  pseudoMassFromParamsAtPairDist hα Λ p x z, term
                                                Finset.inf'_le (fun q => pseudoMassFromParamsAtPairDist hα Λ p q.1 q.2)
                                                  hpair_mem
                                              [Meta.isDefEq] [6.046909] ❌️ ((finiteRegionDistinctPairs
                                                          (Λ.volume N)).inf'
                                                      hne fun q => pseudoMassFromParamsAtPairDist hα Λ p q.1 q.2) ≤
                                                    pseudoMassFromParamsAtPairDist hα Λ p x
                                                      z =?= ((finiteRegionDistinctPairs (Λ.volume N)).inf' ⋯ fun q =>
                                                      pseudoMassFromParamsAtPairDist hα Λ p ?m.572 ?m.573) ≤
                                                    pseudoMassFromParamsAtPairDist hα Λ p (?m.574 (x, z))
                                                      (?m.575 (x, z))
                                                [Meta.isDefEq.delta] [3.019460] ❌️ ((finiteRegionDistinctPairs
                                                            (Λ.volume N)).inf'
                                                        hne fun q => pseudoMassFromParamsAtPairDist hα Λ p q.1 q.2) ≤
                                                      pseudoMassFromParamsAtPairDist hα Λ p x
                                                        z =?= ((finiteRegionDistinctPairs (Λ.volume N)).inf' ⋯ fun q =>
                                                        pseudoMassFromParamsAtPairDist hα Λ p ?m.572 ?m.573) ≤
                                                      pseudoMassFromParamsAtPairDist hα Λ p (?m.574 (x, z))
                                                        (?m.575 (x, z))
                                                  [Meta.isDefEq] [3.019457] ❌️ (finiteRegionDistinctPairs
                                                            (Λ.volume N)).inf'
                                                        hne fun q =>
                                                        pseudoMassFromParamsAtPairDist hα Λ p q.1
                                                          q.2 =?= (finiteRegionDistinctPairs (Λ.volume N)).inf' ⋯
                                                        fun q => pseudoMassFromParamsAtPairDist hα Λ p ?m.572 ?m.573
                                                    [Meta.isDefEq] [3.010431] ❌️ ((finiteRegionDistinctPairs
                                                                  (Λ.volume N)).inf
                                                              (WithTop.some ∘ fun q =>
                                                                pseudoMassFromParamsAtPairDist hα Λ p q.1 q.2)).untop
                                                          ⋯ =?= ((finiteRegionDistinctPairs (Λ.volume N)).inf
                                                              (WithTop.some ∘ fun q =>
                                                                pseudoMassFromParamsAtPairDist hα Λ p ?m.572
                                                                  ?m.573)).untop
                                                          ⋯
                                                      [Meta.isDefEq.delta] [1.009288] ❌️ ((finiteRegionDistinctPairs
                                                                    (Λ.volume N)).inf
                                                                (WithTop.some ∘ fun q =>
                                                                  pseudoMassFromParamsAtPairDist hα Λ p q.1 q.2)).untop
                                                            ⋯ =?= ((finiteRegionDistinctPairs (Λ.volume N)).inf
                                                                (WithTop.some ∘ fun q =>
                                                                  pseudoMassFromParamsAtPairDist hα Λ p ?m.572
                                                                    ?m.573)).untop
                                                            ⋯
                                                        [Meta.isDefEq] [1.009231] ❌️ (finiteRegionDistinctPairs
                                                                  (Λ.volume N)).inf
                                                              (WithTop.some ∘ fun q =>
                                                                pseudoMassFromParamsAtPairDist hα Λ p q.1
                                                                  q.2) =?= (finiteRegionDistinctPairs (Λ.volume N)).inf
                                                              (WithTop.some ∘ fun q =>
                                                                pseudoMassFromParamsAtPairDist hα Λ p ?m.572 ?m.573)
                                                          [Meta.isDefEq] [0.983842] ❌️ Finset.fold
                                                                (fun x1 x2 => min x1 x2) ⊤
                                                                (WithTop.some ∘ fun q =>
                                                                  pseudoMassFromParamsAtPairDist hα Λ p q.1 q.2)
                                                                (finiteRegionDistinctPairs
                                                                  (Λ.volume
                                                                    N)) =?= Finset.fold (fun x1 x2 => min x1 x2) ⊤
                                                                (WithTop.some ∘ fun q =>
                                                                  pseudoMassFromParamsAtPairDist hα Λ p ?m.572 ?m.573)
                                                                (finiteRegionDistinctPairs (Λ.volume N))
                                                            [Meta.isDefEq] [0.958138] ❌️ Multiset.fold
                                                                  (fun x1 x2 => min x1 x2) ⊤
                                                                  (Multiset.map
                                                                    (WithTop.some ∘ fun q =>
                                                                      pseudoMassFromParamsAtPairDist hα Λ p q.1 q.2)
                                                                    (finiteRegionDistinctPairs
                                                                        (Λ.volume
                                                                          N)).val) =?= Multiset.fold
                                                                  (fun x1 x2 => min x1 x2) ⊤
                                                                  (Multiset.map
                                                                    (WithTop.some ∘ fun q =>
                                                                      pseudoMassFromParamsAtPairDist hα Λ p ?m.572
                                                                        ?m.573)
                                                                    (finiteRegionDistinctPairs (Λ.volume N)).val)
                                                              [Meta.isDefEq] [0.716983] ❌️ Multiset.foldr
                                                                    (fun x1 x2 => min x1 x2) ⊤
                                                                    (Multiset.map
                                                                      (WithTop.some ∘ fun q =>
                                                                        pseudoMassFromParamsAtPairDist hα Λ p q.1 q.2)
                                                                      (finiteRegionDistinctPairs
                                                                          (Λ.volume
                                                                            N)).val) =?= Multiset.foldr
                                                                    (fun x1 x2 => min x1 x2) ⊤
                                                                    (Multiset.map
                                                                      (WithTop.some ∘ fun q =>
                                                                        pseudoMassFromParamsAtPairDist hα Λ p ?m.572
                                                                          ?m.573)
                                                                      (finiteRegionDistinctPairs (Λ.volume N)).val)
                                                                [Meta.isDefEq] [0.483487] ❌️ Quot.liftOn
                                                                      (Multiset.map
                                                                        (WithTop.some ∘ fun q =>
                                                                          pseudoMassFromParamsAtPairDist hα Λ p q.1 q.2)
                                                                        (finiteRegionDistinctPairs (Λ.volume N)).val)
                                                                      (fun l => List.foldr (fun x1 x2 => min x1 x2) ⊤ l)
                                                                      ⋯ =?= Quot.liftOn
                                                                      (Multiset.map
                                                                        (WithTop.some ∘ fun q =>
                                                                          pseudoMassFromParamsAtPairDist hα Λ p ?m.572
                                                                            ?m.573)
                                                                        (finiteRegionDistinctPairs (Λ.volume N)).val)
                                                                      (fun l => List.foldr (fun x1 x2 => min x1 x2) ⊤ l)
                                                                      ⋯
                                                      [Meta.isDefEq] [2.001112] ❌️ match
                                                            (finiteRegionDistinctPairs (Λ.volume N)).inf
                                                              (WithTop.some ∘ fun q =>
                                                                pseudoMassFromParamsAtPairDist hα Λ p q.1 q.2),
                                                            ⋯ with
                                                          | some x, x_1 =>
                                                            x =?= match
                                                            (finiteRegionDistinctPairs (Λ.volume N)).inf
                                                              (WithTop.some ∘ fun q =>
                                                                pseudoMassFromParamsAtPairDist hα Λ p ?m.572 ?m.573),
                                                            ⋯ with
                                                          | some x, x_1 => x
                                                        [Meta.isDefEq.delta] [1.001572] ❌️ match
                                                              (finiteRegionDistinctPairs (Λ.volume N)).inf
                                                                (WithTop.some ∘ fun q =>
                                                                  pseudoMassFromParamsAtPairDist hα Λ p q.1 q.2),
                                                              ⋯ with
                                                            | some x, x_1 =>
                                                              x =?= match
                                                              (finiteRegionDistinctPairs (Λ.volume N)).inf
                                                                (WithTop.some ∘ fun q =>
                                                                  pseudoMassFromParamsAtPairDist hα Λ p ?m.572 ?m.573),
                                                              ⋯ with
                                                            | some x, x_1 => x
                                                          [Meta.isDefEq] [1.001434] ❌️ (finiteRegionDistinctPairs
                                                                    (Λ.volume N)).inf
                                                                (WithTop.some ∘ fun q =>
                                                                  pseudoMassFromParamsAtPairDist hα Λ p q.1
                                                                    q.2) =?= (finiteRegionDistinctPairs
                                                                    (Λ.volume N)).inf
                                                                (WithTop.some ∘ fun q =>
                                                                  pseudoMassFromParamsAtPairDist hα Λ p ?m.572 ?m.573)
                                                            [Meta.isDefEq] [0.975479] ❌️ Finset.fold
                                                                  (fun x1 x2 => min x1 x2) ⊤
                                                                  (WithTop.some ∘ fun q =>
                                                                    pseudoMassFromParamsAtPairDist hα Λ p q.1 q.2)
                                                                  (finiteRegionDistinctPairs
                                                                    (Λ.volume
                                                                      N)) =?= Finset.fold (fun x1 x2 => min x1 x2) ⊤
                                                                  (WithTop.some ∘ fun q =>
                                                                    pseudoMassFromParamsAtPairDist hα Λ p ?m.572 ?m.573)
                                                                  (finiteRegionDistinctPairs (Λ.volume N))
                                                              [Meta.isDefEq] [0.949846] ❌️ Multiset.fold
                                                                    (fun x1 x2 => min x1 x2) ⊤
                                                                    (Multiset.map
                                                                      (WithTop.some ∘ fun q =>
                                                                        pseudoMassFromParamsAtPairDist hα Λ p q.1 q.2)
                                                                      (finiteRegionDistinctPairs
                                                                          (Λ.volume
                                                                            N)).val) =?= Multiset.fold
                                                                    (fun x1 x2 => min x1 x2) ⊤
                                                                    (Multiset.map
                                                                      (WithTop.some ∘ fun q =>
                                                                        pseudoMassFromParamsAtPairDist hα Λ p ?m.572
                                                                          ?m.573)
                                                                      (finiteRegionDistinctPairs (Λ.volume N)).val)
                                                                [Meta.isDefEq] [0.715417] ❌️ Multiset.foldr
                                                                      (fun x1 x2 => min x1 x2) ⊤
                                                                      (Multiset.map
                                                                        (WithTop.some ∘ fun q =>
                                                                          pseudoMassFromParamsAtPairDist hα Λ p q.1 q.2)
                                                                        (finiteRegionDistinctPairs
                                                                            (Λ.volume
                                                                              N)).val) =?= Multiset.foldr
                                                                      (fun x1 x2 => min x1 x2) ⊤
                                                                      (Multiset.map
                                                                        (WithTop.some ∘ fun q =>
                                                                          pseudoMassFromParamsAtPairDist hα Λ p ?m.572
                                                                            ?m.573)
                                                                        (finiteRegionDistinctPairs (Λ.volume N)).val)
                                                                  [Meta.isDefEq] [0.478731] ❌️ Quot.liftOn
                                                                        (Multiset.map
                                                                          (WithTop.some ∘ fun q =>
                                                                            pseudoMassFromParamsAtPairDist hα Λ p q.1
                                                                              q.2)
                                                                          (finiteRegionDistinctPairs (Λ.volume N)).val)
                                                                        (fun l =>
                                                                          List.foldr (fun x1 x2 => min x1 x2) ⊤ l)
                                                                        ⋯ =?= Quot.liftOn
                                                                        (Multiset.map
                                                                          (WithTop.some ∘ fun q =>
                                                                            pseudoMassFromParamsAtPairDist hα Λ p ?m.572
                                                                              ?m.573)
                                                                          (finiteRegionDistinctPairs (Λ.volume N)).val)
                                                                        (fun l =>
                                                                          List.foldr (fun x1 x2 => min x1 x2) ⊤ l)
                                                                        ⋯
                                                        [Meta.isDefEq] [0.998684] ❌️ (finiteRegionDistinctPairs
                                                                  (Λ.volume N)).inf
                                                              (WithTop.some ∘ fun q =>
                                                                pseudoMassFromParamsAtPairDist hα Λ p q.1
                                                                  q.2) =?= (finiteRegionDistinctPairs (Λ.volume N)).inf
                                                              (WithTop.some ∘ fun q =>
                                                                pseudoMassFromParamsAtPairDist hα Λ p ?m.572 ?m.573)
                                                          [Meta.isDefEq] [0.973241] ❌️ Finset.fold
                                                                (fun x1 x2 => min x1 x2) ⊤
                                                                (WithTop.some ∘ fun q =>
                                                                  pseudoMassFromParamsAtPairDist hα Λ p q.1 q.2)
                                                                (finiteRegionDistinctPairs
                                                                  (Λ.volume
                                                                    N)) =?= Finset.fold (fun x1 x2 => min x1 x2) ⊤
                                                                (WithTop.some ∘ fun q =>
                                                                  pseudoMassFromParamsAtPairDist hα Λ p ?m.572 ?m.573)
                                                                (finiteRegionDistinctPairs (Λ.volume N))
                                                            [Meta.isDefEq] [0.948135] ❌️ Multiset.fold
                                                                  (fun x1 x2 => min x1 x2) ⊤
                                                                  (Multiset.map
                                                                    (WithTop.some ∘ fun q =>
                                                                      pseudoMassFromParamsAtPairDist hα Λ p q.1 q.2)
                                                                    (finiteRegionDistinctPairs
                                                                        (Λ.volume
                                                                          N)).val) =?= Multiset.fold
                                                                  (fun x1 x2 => min x1 x2) ⊤
                                                                  (Multiset.map
                                                                    (WithTop.some ∘ fun q =>
                                                                      pseudoMassFromParamsAtPairDist hα Λ p ?m.572
                                                                        ?m.573)
                                                                    (finiteRegionDistinctPairs (Λ.volume N)).val)
                                                              [Meta.isDefEq] [0.712785] ❌️ Multiset.foldr
                                                                    (fun x1 x2 => min x1 x2) ⊤
                                                                    (Multiset.map
                                                                      (WithTop.some ∘ fun q =>
                                                                        pseudoMassFromParamsAtPairDist hα Λ p q.1 q.2)
                                                                      (finiteRegionDistinctPairs
                                                                          (Λ.volume
                                                                            N)).val) =?= Multiset.foldr
                                                                    (fun x1 x2 => min x1 x2) ⊤
                                                                    (Multiset.map
                                                                      (WithTop.some ∘ fun q =>
                                                                        pseudoMassFromParamsAtPairDist hα Λ p ?m.572
                                                                          ?m.573)
                                                                      (finiteRegionDistinctPairs (Λ.volume N)).val)
                                                                [Meta.isDefEq] [0.478807] ❌️ Quot.liftOn
                                                                      (Multiset.map
                                                                        (WithTop.some ∘ fun q =>
                                                                          pseudoMassFromParamsAtPairDist hα Λ p q.1 q.2)
                                                                        (finiteRegionDistinctPairs (Λ.volume N)).val)
                                                                      (fun l => List.foldr (fun x1 x2 => min x1 x2) ⊤ l)
                                                                      ⋯ =?= Quot.liftOn
                                                                      (Multiset.map
                                                                        (WithTop.some ∘ fun q =>
                                                                          pseudoMassFromParamsAtPairDist hα Λ p ?m.572
                                                                            ?m.573)
                                                                        (finiteRegionDistinctPairs (Λ.volume N)).val)
                                                                      (fun l => List.foldr (fun x1 x2 => min x1 x2) ⊤ l)
                                                                      ⋯
                                                [Meta.isDefEq] [3.027427] ❌️ Real.instLE.1
                                                      ((finiteRegionDistinctPairs (Λ.volume N)).inf' hne fun q =>
                                                        pseudoMassFromParamsAtPairDist hα Λ p q.1 q.2)
                                                      (pseudoMassFromParamsAtPairDist hα Λ p x
                                                        z) =?= Real.instSemilatticeInf.toLE.1
                                                      ((finiteRegionDistinctPairs (Λ.volume N)).inf' ⋯ fun q =>
                                                        pseudoMassFromParamsAtPairDist hα Λ p ?m.572 ?m.573)
                                                      (pseudoMassFromParamsAtPairDist hα Λ p (?m.574 (x, z))
                                                        (?m.575 (x, z)))
                                                  [Meta.isDefEq] [3.027378] ❌️ Real.le✝
                                                        ((finiteRegionDistinctPairs (Λ.volume N)).inf' hne fun q =>
                                                          pseudoMassFromParamsAtPairDist hα Λ p q.1 q.2)
                                                        (pseudoMassFromParamsAtPairDist hα Λ p x
                                                          z) =?= Real.le✝
                                                        ((finiteRegionDistinctPairs (Λ.volume N)).inf' ⋯ fun q =>
                                                          pseudoMassFromParamsAtPairDist hα Λ p ?m.572 ?m.573)
                                                        (pseudoMassFromParamsAtPairDist hα Λ p (?m.574 (x, z))
                                                          (?m.575 (x, z)))
                                                    [Meta.isDefEq] [3.027233] ❌️ (finiteRegionDistinctPairs
                                                              (Λ.volume N)).inf'
                                                          hne fun q =>
                                                          pseudoMassFromParamsAtPairDist hα Λ p q.1
                                                            q.2 =?= (finiteRegionDistinctPairs (Λ.volume N)).inf' ⋯
                                                          fun q => pseudoMassFromParamsAtPairDist hα Λ p ?m.572 ?m.573
                                                      [Meta.isDefEq] [3.018798] ❌️ ((finiteRegionDistinctPairs
                                                                    (Λ.volume N)).inf
                                                                (WithTop.some ∘ fun q =>
                                                                  pseudoMassFromParamsAtPairDist hα Λ p q.1 q.2)).untop
                                                            ⋯ =?= ((finiteRegionDistinctPairs (Λ.volume N)).inf
                                                                (WithTop.some ∘ fun q =>
                                                                  pseudoMassFromParamsAtPairDist hα Λ p ?m.572
                                                                    ?m.573)).untop
                                                            ⋯
                                                        [Meta.isDefEq.delta] [1.006050] ❌️ ((finiteRegionDistinctPairs
                                                                      (Λ.volume N)).inf
                                                                  (WithTop.some ∘ fun q =>
                                                                    pseudoMassFromParamsAtPairDist hα Λ p q.1
                                                                      q.2)).untop
                                                              ⋯ =?= ((finiteRegionDistinctPairs (Λ.volume N)).inf
                                                                  (WithTop.some ∘ fun q =>
                                                                    pseudoMassFromParamsAtPairDist hα Λ p ?m.572
                                                                      ?m.573)).untop
                                                              ⋯
                                                          [Meta.isDefEq] [1.006030] ❌️ (finiteRegionDistinctPairs
                                                                    (Λ.volume N)).inf
                                                                (WithTop.some ∘ fun q =>
                                                                  pseudoMassFromParamsAtPairDist hα Λ p q.1
                                                                    q.2) =?= (finiteRegionDistinctPairs
                                                                    (Λ.volume N)).inf
                                                                (WithTop.some ∘ fun q =>
                                                                  pseudoMassFromParamsAtPairDist hα Λ p ?m.572 ?m.573)
                                                            [Meta.isDefEq] [0.980472] ❌️ Finset.fold
                                                                  (fun x1 x2 => min x1 x2) ⊤
                                                                  (WithTop.some ∘ fun q =>
                                                                    pseudoMassFromParamsAtPairDist hα Λ p q.1 q.2)
                                                                  (finiteRegionDistinctPairs
                                                                    (Λ.volume
                                                                      N)) =?= Finset.fold (fun x1 x2 => min x1 x2) ⊤
                                                                  (WithTop.some ∘ fun q =>
                                                                    pseudoMassFromParamsAtPairDist hα Λ p ?m.572 ?m.573)
                                                                  (finiteRegionDistinctPairs (Λ.volume N))
                                                              [Meta.isDefEq] [0.953946] ❌️ Multiset.fold
                                                                    (fun x1 x2 => min x1 x2) ⊤
                                                                    (Multiset.map
                                                                      (WithTop.some ∘ fun q =>
                                                                        pseudoMassFromParamsAtPairDist hα Λ p q.1 q.2)
                                                                      (finiteRegionDistinctPairs
                                                                          (Λ.volume
                                                                            N)).val) =?= Multiset.fold
                                                                    (fun x1 x2 => min x1 x2) ⊤
                                                                    (Multiset.map
                                                                      (WithTop.some ∘ fun q =>
                                                                        pseudoMassFromParamsAtPairDist hα Λ p ?m.572
                                                                          ?m.573)
                                                                      (finiteRegionDistinctPairs (Λ.volume N)).val)
                                                                [Meta.isDefEq] [0.718976] ❌️ Multiset.foldr
                                                                      (fun x1 x2 => min x1 x2) ⊤
                                                                      (Multiset.map
                                                                        (WithTop.some ∘ fun q =>
                                                                          pseudoMassFromParamsAtPairDist hα Λ p q.1 q.2)
                                                                        (finiteRegionDistinctPairs
                                                                            (Λ.volume
                                                                              N)).val) =?= Multiset.foldr
                                                                      (fun x1 x2 => min x1 x2) ⊤
                                                                      (Multiset.map
                                                                        (WithTop.some ∘ fun q =>
                                                                          pseudoMassFromParamsAtPairDist hα Λ p ?m.572
                                                                            ?m.573)
                                                                        (finiteRegionDistinctPairs (Λ.volume N)).val)
                                                                  [Meta.isDefEq] [0.484379] ❌️ Quot.liftOn
                                                                        (Multiset.map
                                                                          (WithTop.some ∘ fun q =>
                                                                            pseudoMassFromParamsAtPairDist hα Λ p q.1
                                                                              q.2)
                                                                          (finiteRegionDistinctPairs (Λ.volume N)).val)
                                                                        (fun l =>
                                                                          List.foldr (fun x1 x2 => min x1 x2) ⊤ l)
                                                                        ⋯ =?= Quot.liftOn
                                                                        (Multiset.map
                                                                          (WithTop.some ∘ fun q =>
                                                                            pseudoMassFromParamsAtPairDist hα Λ p ?m.572
                                                                              ?m.573)
                                                                          (finiteRegionDistinctPairs (Λ.volume N)).val)
                                                                        (fun l =>
                                                                          List.foldr (fun x1 x2 => min x1 x2) ⊤ l)
                                                                        ⋯
                                                        [Meta.isDefEq] [2.012723] ❌️ match
                                                              (finiteRegionDistinctPairs (Λ.volume N)).inf
                                                                (WithTop.some ∘ fun q =>
                                                                  pseudoMassFromParamsAtPairDist hα Λ p q.1 q.2),
                                                              ⋯ with
                                                            | some x, x_1 =>
                                                              x =?= match
                                                              (finiteRegionDistinctPairs (Λ.volume N)).inf
                                                                (WithTop.some ∘ fun q =>
                                                                  pseudoMassFromParamsAtPairDist hα Λ p ?m.572 ?m.573),
                                                              ⋯ with
                                                            | some x, x_1 => x
                                                          [Meta.isDefEq.delta] [1.011023] ❌️ match
                                                                (finiteRegionDistinctPairs (Λ.volume N)).inf
                                                                  (WithTop.some ∘ fun q =>
                                                                    pseudoMassFromParamsAtPairDist hα Λ p q.1 q.2),
                                                                ⋯ with
                                                              | some x, x_1 =>
                                                                x =?= match
                                                                (finiteRegionDistinctPairs (Λ.volume N)).inf
                                                                  (WithTop.some ∘ fun q =>
                                                                    pseudoMassFromParamsAtPairDist hα Λ p ?m.572
                                                                      ?m.573),
                                                                ⋯ with
                                                              | some x, x_1 => x
                                                            [Meta.isDefEq] [1.010972] ❌️ (finiteRegionDistinctPairs
                                                                      (Λ.volume N)).inf
                                                                  (WithTop.some ∘ fun q =>
                                                                    pseudoMassFromParamsAtPairDist hα Λ p q.1
                                                                      q.2) =?= (finiteRegionDistinctPairs
                                                                      (Λ.volume N)).inf
                                                                  (WithTop.some ∘ fun q =>
                                                                    pseudoMassFromParamsAtPairDist hα Λ p ?m.572 ?m.573)
                                                              [Meta.isDefEq] [0.983089] ❌️ Finset.fold
                                                                    (fun x1 x2 => min x1 x2) ⊤
                                                                    (WithTop.some ∘ fun q =>
                                                                      pseudoMassFromParamsAtPairDist hα Λ p q.1 q.2)
                                                                    (finiteRegionDistinctPairs
                                                                      (Λ.volume
                                                                        N)) =?= Finset.fold (fun x1 x2 => min x1 x2) ⊤
                                                                    (WithTop.some ∘ fun q =>
                                                                      pseudoMassFromParamsAtPairDist hα Λ p ?m.572
                                                                        ?m.573)
                                                                    (finiteRegionDistinctPairs (Λ.volume N))
                                                                [Meta.isDefEq] [0.955907] ❌️ Multiset.fold
                                                                      (fun x1 x2 => min x1 x2) ⊤
                                                                      (Multiset.map
                                                                        (WithTop.some ∘ fun q =>
                                                                          pseudoMassFromParamsAtPairDist hα Λ p q.1 q.2)
                                                                        (finiteRegionDistinctPairs
                                                                            (Λ.volume
                                                                              N)).val) =?= Multiset.fold
                                                                      (fun x1 x2 => min x1 x2) ⊤
                                                                      (Multiset.map
                                                                        (WithTop.some ∘ fun q =>
                                                                          pseudoMassFromParamsAtPairDist hα Λ p ?m.572
                                                                            ?m.573)
                                                                        (finiteRegionDistinctPairs (Λ.volume N)).val)
                                                                  [Meta.isDefEq] [0.719158] ❌️ Multiset.foldr
                                                                        (fun x1 x2 => min x1 x2) ⊤
                                                                        (Multiset.map
                                                                          (WithTop.some ∘ fun q =>
                                                                            pseudoMassFromParamsAtPairDist hα Λ p q.1
                                                                              q.2)
                                                                          (finiteRegionDistinctPairs
                                                                              (Λ.volume
                                                                                N)).val) =?= Multiset.foldr
                                                                        (fun x1 x2 => min x1 x2) ⊤
                                                                        (Multiset.map
                                                                          (WithTop.some ∘ fun q =>
                                                                            pseudoMassFromParamsAtPairDist hα Λ p ?m.572
                                                                              ?m.573)
                                                                          (finiteRegionDistinctPairs (Λ.volume N)).val)
                                                                    [Meta.isDefEq] [0.477678] ❌️ Quot.liftOn
                                                                          (Multiset.map
                                                                            (WithTop.some ∘ fun q =>
                                                                              pseudoMassFromParamsAtPairDist hα Λ p q.1
                                                                                q.2)
                                                                            (finiteRegionDistinctPairs
                                                                                (Λ.volume N)).val)
                                                                          (fun l =>
                                                                            List.foldr (fun x1 x2 => min x1 x2) ⊤ l)
                                                                          ⋯ =?= Quot.liftOn
                                                                          (Multiset.map
                                                                            (WithTop.some ∘ fun q =>
                                                                              pseudoMassFromParamsAtPairDist hα Λ p
                                                                                ?m.572 ?m.573)
                                                                            (finiteRegionDistinctPairs
                                                                                (Λ.volume N)).val)
                                                                          (fun l =>
                                                                            List.foldr (fun x1 x2 => min x1 x2) ⊤ l)
                                                                          ⋯
                                                          [Meta.isDefEq] [1.000861] ❌️ (finiteRegionDistinctPairs
                                                                    (Λ.volume N)).inf
                                                                (WithTop.some ∘ fun q =>
                                                                  pseudoMassFromParamsAtPairDist hα Λ p q.1
                                                                    q.2) =?= (finiteRegionDistinctPairs
                                                                    (Λ.volume N)).inf
                                                                (WithTop.some ∘ fun q =>
                                                                  pseudoMassFromParamsAtPairDist hα Λ p ?m.572 ?m.573)
                                                            [Meta.isDefEq] [0.975724] ❌️ Finset.fold
                                                                  (fun x1 x2 => min x1 x2) ⊤
                                                                  (WithTop.some ∘ fun q =>
                                                                    pseudoMassFromParamsAtPairDist hα Λ p q.1 q.2)
                                                                  (finiteRegionDistinctPairs
                                                                    (Λ.volume
                                                                      N)) =?= Finset.fold (fun x1 x2 => min x1 x2) ⊤
                                                                  (WithTop.some ∘ fun q =>
                                                                    pseudoMassFromParamsAtPairDist hα Λ p ?m.572 ?m.573)
                                                                  (finiteRegionDistinctPairs (Λ.volume N))
                                                              [Meta.isDefEq] [0.949974] ❌️ Multiset.fold
                                                                    (fun x1 x2 => min x1 x2) ⊤
                                                                    (Multiset.map
                                                                      (WithTop.some ∘ fun q =>
                                                                        pseudoMassFromParamsAtPairDist hα Λ p q.1 q.2)
                                                                      (finiteRegionDistinctPairs
                                                                          (Λ.volume
                                                                            N)).val) =?= Multiset.fold
                                                                    (fun x1 x2 => min x1 x2) ⊤
                                                                    (Multiset.map
                                                                      (WithTop.some ∘ fun q =>
                                                                        pseudoMassFromParamsAtPairDist hα Λ p ?m.572
                                                                          ?m.573)
                                                                      (finiteRegionDistinctPairs (Λ.volume N)).val)
                                                                [Meta.isDefEq] [0.715202] ❌️ Multiset.foldr
                                                                      (fun x1 x2 => min x1 x2) ⊤
                                                                      (Multiset.map
                                                                        (WithTop.some ∘ fun q =>
                                                                          pseudoMassFromParamsAtPairDist hα Λ p q.1 q.2)
                                                                        (finiteRegionDistinctPairs
                                                                            (Λ.volume
                                                                              N)).val) =?= Multiset.foldr
                                                                      (fun x1 x2 => min x1 x2) ⊤
                                                                      (Multiset.map
                                                                        (WithTop.some ∘ fun q =>
                                                                          pseudoMassFromParamsAtPairDist hα Λ p ?m.572
                                                                            ?m.573)
                                                                        (finiteRegionDistinctPairs (Λ.volume N)).val)
                                                                  [Meta.isDefEq] [0.480744] ❌️ Quot.liftOn
                                                                        (Multiset.map
                                                                          (WithTop.some ∘ fun q =>
                                                                            pseudoMassFromParamsAtPairDist hα Λ p q.1
                                                                              q.2)
                                                                          (finiteRegionDistinctPairs (Λ.volume N)).val)
                                                                        (fun l =>
                                                                          List.foldr (fun x1 x2 => min x1 x2) ⊤ l)
                                                                        ⋯ =?= Quot.liftOn
                                                                        (Multiset.map
                                                                          (WithTop.some ∘ fun q =>
                                                                            pseudoMassFromParamsAtPairDist hα Λ p ?m.572
                                                                              ?m.573)
                                                                          (finiteRegionDistinctPairs (Λ.volume N)).val)
                                                                        (fun l =>
                                                                          List.foldr (fun x1 x2 => min x1 x2) ⊤ l)
                                                                        ⋯
